// Jest Snapshot v1, https://goo.gl/fbAQLP

exports[`Should render Rectangle 1`] = `
ShallowWrapper {
  "length": 1,
  Symbol(enzyme.__root__): [Circular],
  Symbol(enzyme.__unrendered__): <Rectangle
    height={40}
    width={40}
    x={0}
    y={10}
/>,
  Symbol(enzyme.__renderer__): Object {
    "batchedUpdates": [Function],
    "getNode": [Function],
    "render": [Function],
    "simulateEvent": [Function],
    "unmount": [Function],
  },
  Symbol(enzyme.__node__): Object {
    "instance": null,
    "key": null,
    "nodeType": "host",
    "props": Object {
      "className": undefined,
      "data-id": undefined,
      "height": 40,
      "width": 40,
      "x": 0,
      "y": 10,
    },
    "ref": null,
    "rendered": null,
    "type": "rect",
  },
  Symbol(enzyme.__nodes__): Array [
    Object {
      "instance": null,
      "key": null,
      "nodeType": "host",
      "props": Object {
        "className": undefined,
        "data-id": undefined,
        "height": 40,
        "width": 40,
        "x": 0,
        "y": 10,
      },
      "ref": null,
      "rendered": null,
      "type": "rect",
    },
  ],
  Symbol(enzyme.__options__): Object {
    "adapter": ReactSixteenAdapter {
      "options": Object {
        "enableComponentDidUpdateOnSetState": true,
      },
    },
  },
}
`;
